stm32wbxx_ll_rcc.h:1751:22:LL_RCC_LSE_SetDriveCapability	16	static
stm32wbxx_ll_bus.h:508:22:LL_AHB2_GRP1_EnableClock	24	static
main.c:79:5:main	8	static
main.c:130:6:SystemClock_Config	192	static
main.c:214:13:MX_CRC_Init	8	static
main.c:245:13:MX_RTC_Init	8	static
main.c:280:13:MX_TIM2_Init	40	static
main.c:325:13:MX_USART1_UART_Init	8	static
main.c:373:13:MX_USB_PCD_Init	8	static
main.c:406:13:MX_GPIO_Init	32	static
main.c:452:6:HAL_TIM_PeriodElapsedCallback	16	static
main.c:469:6:Error_Handler	4	static
