core_cm4.h:1688:22:__NVIC_EnableIRQ	16	static
core_cm4.h:1816:22:__NVIC_SetPriority	16	static
stm32wbxx_ll_rcc.h:1332:22:LL_RCC_HSE_EnableDiv2	4	static
stm32wbxx_ll_bus.h:340:22:LL_AHB1_GRP1_EnableClock	24	static
stm32wbxx_ll_bus.h:508:22:LL_AHB2_GRP1_EnableClock	24	static
main.c:83:5:main	8	static
main.c:134:6:SystemClock_Config	192	static
main.c:209:13:MX_CRC_Init	8	static
main.c:240:13:MX_RTC_Init	8	static
main.c:275:13:MX_TIM2_Init	64	static
main.c:345:13:MX_TIM16_Init	8	static
main.c:377:13:MX_USART1_UART_Init	8	static
main.c:425:13:MX_USB_PCD_Init	8	static
main.c:456:13:MX_DMA_Init	8	static
main.c:475:13:MX_GPIO_Init	32	static
main.c:528:6:HAL_TIM_PeriodElapsedCallback	16	static
main.c:545:6:Error_Handler	4	static
