stm32wbxx_it.c:82:6:NMI_Handler	4	static
stm32wbxx_it.c:95:6:HardFault_Handler	4	static
stm32wbxx_it.c:110:6:MemManage_Handler	4	static
stm32wbxx_it.c:125:6:BusFault_Handler	4	static
stm32wbxx_it.c:140:6:UsageFault_Handler	4	static
stm32wbxx_it.c:155:6:SVC_Handler	4	static
stm32wbxx_it.c:168:6:DebugMon_Handler	4	static
stm32wbxx_it.c:181:6:PendSV_Handler	4	static
stm32wbxx_it.c:194:6:SysTick_Handler	4	static
stm32wbxx_it.c:215:6:DMA1_Channel1_IRQHandler	8	static
stm32wbxx_it.c:229:6:TIM1_UP_TIM16_IRQHandler	8	static
stm32wbxx_it.c:243:6:TIM1_TRG_COM_TIM17_IRQHandler	8	static
stm32wbxx_it.c:257:6:TIM2_IRQHandler	8	static
stm32wbxx_it.c:271:6:USART1_IRQHandler	8	static
stm32wbxx_it.c:285:6:SPI1_IRQHandler	4	static
