app_main.c:88:10:DWT_Delay_Init	4	static,ignoring_inline_asm
app_main.c:129:6:app_main_init	16	static
app_main.c:191:6:app_main_idle	8	static
app_main.c:212:6:entry_state_handler	4	static
app_main.c:217:6:action_state_handler	16	static
app_main.c:229:6:exit_state_handler	4	static
app_main.c:234:6:entry_state_handler2	4	static
app_main.c:239:6:action_state_handler2	16	static
app_main.c:252:6:exit_state_handler2	4	static
app_main.c:257:6:entry_state_handler3	4	static
app_main.c:262:6:action_state_handler3	16	static
app_main.c:268:6:exit_state_handler3	4	static
app_main.c:276:13:test	8	static
app_main.c:298:13:bitset_Test	8	static
