app_main.c:88:10:DWT_Delay_Init	4	static,ignoring_inline_asm
app_main.c:129:6:app_main_init	16	static
app_main.c:190:6:app_main_idle	8	static
app_main.c:209:6:entry_state_handler	4	static
app_main.c:214:6:action_state_handler	16	static
app_main.c:226:6:exit_state_handler	4	static
app_main.c:231:6:entry_state_handler2	4	static
app_main.c:236:6:action_state_handler2	16	static
app_main.c:249:6:exit_state_handler2	4	static
app_main.c:254:6:entry_state_handler3	4	static
app_main.c:259:6:action_state_handler3	16	static
app_main.c:265:6:exit_state_handler3	4	static
app_main.c:273:13:test	8	static
app_main.c:295:13:bitset_Test	8	static
